[0.006s][info][gc] Using Parallel
[4.069s][info][gc] GC(0) Pause Young (Allocation Failure) 16M->4M(61M) 6.432ms
[18.419s][info][gc] GC(1) Pause Young (Allocation Failure) 20M->6M(61M) 5.071ms
[18.452s][info][gc] GC(2) Pause Young (Allocation Failure) 22M->8M(61M) 4.768ms
[18.479s][info][gc] GC(3) Pause Young (Allocation Failure) 24M->10M(61M) 5.385ms
[18.496s][info][gc] GC(4) Pause Young (Allocation Failure) 26M->12M(61M) 4.929ms
[18.511s][info][gc] GC(5) Pause Young (Allocation Failure) 28M->14M(56M) 5.066ms
[18.523s][info][gc] GC(6) Pause Young (Allocation Failure) 25M->15M(55M) 4.208ms
[18.531s][info][gc] GC(7) Pause Young (Allocation Failure) 26M->16M(58M) 2.683ms
[18.539s][info][gc] GC(8) Pause Young (Allocation Failure) 26M->17M(58M) 3.394ms
[18.553s][info][gc] GC(9) Pause Young (Allocation Failure) 27M->19M(58M) 4.062ms
[18.561s][info][gc] GC(10) Pause Young (Allocation Failure) 29M->20M(54M) 4.097ms
[18.567s][info][gc] GC(11) Pause Young (Allocation Failure) 30M->21M(58M) 2.624ms
[38.308s][info][gc] GC(12) Pause Young (Allocation Failure) 30M->22M(58M) 2.357ms
[38.314s][info][gc] GC(13) Pause Young (Allocation Failure) 31M->23M(58M) 2.454ms
[38.322s][info][gc] GC(14) Pause Young (Allocation Failure) 32M->24M(58M) 2.607ms
[38.329s][info][gc] GC(15) Pause Young (Allocation Failure) 33M->25M(58M) 2.463ms
[38.336s][info][gc] GC(16) Pause Young (Allocation Failure) 34M->26M(58M) 2.529ms
[38.343s][info][gc] GC(17) Pause Young (Allocation Failure) 35M->27M(58M) 2.501ms
[38.350s][info][gc] GC(18) Pause Young (Allocation Failure) 36M->28M(58M) 2.592ms
[38.357s][info][gc] GC(19) Pause Young (Allocation Failure) 37M->29M(58M) 2.765ms
[38.370s][info][gc] GC(20) Pause Young (Allocation Failure) 39M->30M(58M) 2.606ms
[38.377s][info][gc] GC(21) Pause Young (Allocation Failure) 40M->32M(59M) 2.792ms
[38.386s][info][gc] GC(22) Pause Young (Allocation Failure) 43M->33M(58M) 3.404ms
[38.394s][info][gc] GC(23) Pause Young (Allocation Failure) 44M->34M(59M) 3.060ms
[38.402s][info][gc] GC(24) Pause Young (Allocation Failure) 46M->36M(59M) 2.919ms
[38.409s][info][gc] GC(25) Pause Young (Allocation Failure) 47M->37M(59M) 3.007ms
[58.345s][info][gc] GC(26) Pause Young (Allocation Failure) 49M->38M(59M) 3.349ms
[58.352s][info][gc] GC(27) Pause Young (Allocation Failure) 50M->39M(60M) 3.073ms
[58.359s][info][gc] GC(28) Pause Young (Allocation Failure) 52M->41M(60M) 3.593ms
[58.366s][info][gc] GC(29) Pause Young (Allocation Failure) 54M->42M(60M) 3.485ms
[58.452s][info][gc] GC(30) Pause Full (Ergonomics) 42M->39M(60M) 86.505ms
[58.458s][info][gc] GC(31) Pause Young (Allocation Failure) 53M->42M(59M) 2.471ms
[58.466s][info][gc] GC(32) Pause Young (Allocation Failure) 55M->43M(60M) 3.786ms
[58.541s][info][gc] GC(33) Pause Full (Ergonomics) 43M->42M(60M) 75.015ms
[58.617s][info][gc] GC(34) Pause Full (Ergonomics) 56M->44M(60M) 69.294ms
[58.695s][info][gc] GC(35) Pause Full (Ergonomics) 56M->45M(60M) 74.062ms
[58.767s][info][gc] GC(36) Pause Full (Ergonomics) 56M->46M(60M) 67.471ms
[58.842s][info][gc] GC(37) Pause Full (Ergonomics) 56M->47M(60M) 70.062ms
[58.928s][info][gc] GC(38) Pause Full (Ergonomics) 56M->48M(60M) 78.855ms
[75.258s][info][gc] GC(39) Pause Full (Ergonomics) 56M->50M(60M) 81.716ms
[75.395s][info][gc] GC(40) Pause Full (Ergonomics) 56M->50M(60M) 92.049ms
[75.554s][info][gc] GC(41) Pause Full (Ergonomics) 56M->50M(60M) 85.966ms
[75.682s][info][gc] GC(42) Pause Full (Ergonomics) 56M->50M(60M) 106.727ms
[75.776s][info][gc] GC(43) Pause Full (Ergonomics) 56M->50M(60M) 77.190ms
[75.869s][info][gc] GC(44) Pause Full (Ergonomics) 56M->50M(60M) 72.239ms
[75.970s][info][gc] GC(45) Pause Full (Ergonomics) 56M->50M(60M) 82.986ms
[76.063s][info][gc] GC(46) Pause Full (Ergonomics) 56M->50M(60M) 72.407ms
[76.151s][info][gc] GC(47) Pause Full (Ergonomics) 56M->50M(60M) 70.952ms
[76.243s][info][gc] GC(48) Pause Full (Ergonomics) 56M->50M(60M) 75.185ms
[76.343s][info][gc] GC(49) Pause Full (Ergonomics) 56M->50M(60M) 82.146ms
[76.433s][info][gc] GC(50) Pause Full (Ergonomics) 56M->50M(60M) 71.846ms
[76.529s][info][gc] GC(51) Pause Full (Ergonomics) 56M->50M(60M) 77.410ms
[76.621s][info][gc] GC(52) Pause Full (Ergonomics) 56M->50M(60M) 74.371ms
[76.719s][info][gc] GC(53) Pause Full (Ergonomics) 56M->50M(60M) 81.986ms
[76.807s][info][gc] GC(54) Pause Full (Ergonomics) 56M->50M(60M) 70.715ms
[76.904s][info][gc] GC(55) Pause Full (Ergonomics) 56M->50M(60M) 70.156ms
[76.992s][info][gc] GC(56) Pause Full (Ergonomics) 56M->50M(60M) 71.635ms
[77.080s][info][gc] GC(57) Pause Full (Ergonomics) 56M->50M(60M) 71.429ms
[77.167s][info][gc] GC(58) Pause Full (Ergonomics) 56M->50M(60M) 70.304ms
[77.257s][info][gc] GC(59) Pause Full (Ergonomics) 56M->50M(60M) 72.916ms
[77.347s][info][gc] GC(60) Pause Full (Ergonomics) 56M->50M(60M) 73.932ms
[77.434s][info][gc] GC(61) Pause Full (Ergonomics) 56M->50M(60M) 69.660ms
[77.523s][info][gc] GC(62) Pause Full (Ergonomics) 56M->50M(60M) 71.067ms
[77.609s][info][gc] GC(63) Pause Full (Ergonomics) 56M->50M(60M) 68.886ms
[77.697s][info][gc] GC(64) Pause Full (Ergonomics) 56M->50M(60M) 70.574ms
[77.784s][info][gc] GC(65) Pause Full (Ergonomics) 56M->50M(60M) 70.212ms
[77.872s][info][gc] GC(66) Pause Full (Ergonomics) 56M->50M(60M) 71.331ms
[77.961s][info][gc] GC(67) Pause Full (Ergonomics) 56M->50M(60M) 71.547ms
[78.055s][info][gc] GC(68) Pause Full (Ergonomics) 56M->50M(60M) 75.312ms
[78.144s][info][gc] GC(69) Pause Full (Ergonomics) 56M->50M(60M) 72.533ms
[78.230s][info][gc] GC(70) Pause Full (Ergonomics) 56M->50M(60M) 69.403ms
[78.329s][info][gc] GC(71) Pause Full (Ergonomics) 56M->50M(60M) 82.577ms
[78.435s][info][gc] GC(72) Pause Full (Ergonomics) 56M->50M(60M) 83.833ms
[78.564s][info][gc] GC(73) Pause Full (Ergonomics) 56M->50M(60M) 110.869ms
[78.664s][info][gc] GC(74) Pause Full (Ergonomics) 56M->50M(60M) 77.606ms
[78.757s][info][gc] GC(75) Pause Full (Ergonomics) 56M->50M(60M) 74.031ms
[102.221s][info][gc] GC(76) Pause Full (Ergonomics) 56M->27M(60M) 48.375ms
[111.353s][info][gc] GC(77) Pause Young (Allocation Failure) 41M->28M(60M) 2.282ms
[111.367s][info][gc] GC(78) Pause Young (Allocation Failure) 42M->30M(60M) 3.607ms
[111.382s][info][gc] GC(79) Pause Young (Allocation Failure) 44M->31M(57M) 4.798ms
[111.395s][info][gc] GC(80) Pause Young (Allocation Failure) 42M->33M(59M) 4.711ms
[111.407s][info][gc] GC(81) Pause Young (Allocation Failure) 44M->34M(58M) 4.037ms
[111.417s][info][gc] GC(82) Pause Young (Allocation Failure) 45M->35M(59M) 4.984ms
[111.425s][info][gc] GC(83) Pause Young (Allocation Failure) 46M->36M(57M) 5.724ms
[111.432s][info][gc] GC(84) Pause Young (Allocation Failure) 45M->38M(57M) 4.340ms
[111.440s][info][gc] GC(85) Pause Young (Allocation Failure) 47M->39M(56M) 5.703ms
[111.448s][info][gc] GC(86) Pause Young (Allocation Failure) 46M->39M(57M) 5.653ms
[111.457s][info][gc] GC(87) Pause Young (Allocation Failure) 46M->40M(57M) 6.227ms
[111.464s][info][gc] GC(88) Pause Young (Allocation Failure) 47M->41M(57M) 4.844ms
[130.426s][info][gc] GC(89) Pause Young (Allocation Failure) 48M->41M(57M) 6.127ms
[130.497s][info][gc] GC(90) Pause Full (Ergonomics) 41M->41M(57M) 70.265ms
[136.730s][info][gc] GC(91) Pause Full (Ergonomics) 48M->42M(57M) 69.133ms
[138.555s][info][gc] GC(92) Pause Full (Ergonomics) 49M->43M(57M) 66.162ms
[140.246s][info][gc] GC(93) Pause Full (Ergonomics) 49M->43M(57M) 65.208ms
[140.313s][info][gc] GC(94) Pause Full (Ergonomics) 49M->44M(57M) 64.612ms
[143.678s][info][gc] GC(95) Pause Full (Ergonomics) 49M->45M(57M) 74.004ms
[143.748s][info][gc] GC(96) Pause Full (Ergonomics) 49M->45M(57M) 67.716ms
[147.342s][info][gc] GC(97) Pause Full (Ergonomics) 49M->46M(57M) 74.871ms
[147.412s][info][gc] GC(98) Pause Full (Ergonomics) 49M->46M(57M) 67.927ms
[147.481s][info][gc] GC(99) Pause Full (Ergonomics) 49M->46M(57M) 68.095ms
[147.553s][info][gc] GC(100) Pause Full (Ergonomics) 49M->47M(57M) 70.724ms
[150.738s][info][gc] GC(101) Pause Full (Ergonomics) 49M->47M(57M) 70.656ms
[150.820s][info][gc] GC(102) Pause Full (Ergonomics) 49M->47M(57M) 80.794ms
[150.890s][info][gc] GC(103) Pause Full (Ergonomics) 49M->48M(57M) 69.413ms
[150.961s][info][gc] GC(104) Pause Full (Ergonomics) 49M->48M(57M) 70.070ms
[151.032s][info][gc] GC(105) Pause Full (Ergonomics) 49M->48M(57M) 70.952ms
[151.105s][info][gc] GC(106) Pause Full (Ergonomics) 49M->48M(57M) 72.046ms
[151.177s][info][gc] GC(107) Pause Full (Ergonomics) 49M->48M(57M) 71.520ms
[151.247s][info][gc] GC(108) Pause Full (Ergonomics) 49M->48M(57M) 69.259ms
[154.646s][info][gc] GC(109) Pause Full (Ergonomics) 49M->48M(57M) 74.796ms
[154.719s][info][gc] GC(110) Pause Full (Ergonomics) 49M->49M(57M) 72.535ms
[154.792s][info][gc] GC(111) Pause Full (Ergonomics) 49M->49M(57M) 72.372ms
[154.863s][info][gc] GC(112) Pause Full (Ergonomics) 49M->49M(57M) 70.513ms
[154.935s][info][gc] GC(113) Pause Full (Ergonomics) 49M->49M(57M) 71.465ms
[155.008s][info][gc] GC(114) Pause Full (Ergonomics) 49M->49M(57M) 72.811ms
[155.082s][info][gc] GC(115) Pause Full (Ergonomics) 49M->49M(57M) 72.710ms
[155.152s][info][gc] GC(116) Pause Full (Ergonomics) 49M->49M(57M) 70.225ms
[155.225s][info][gc] GC(117) Pause Full (Ergonomics) 49M->49M(57M) 72.548ms
[155.298s][info][gc] GC(118) Pause Full (Ergonomics) 49M->49M(57M) 72.589ms
[155.371s][info][gc] GC(119) Pause Full (Ergonomics) 49M->49M(57M) 72.069ms
[155.443s][info][gc] GC(120) Pause Full (Ergonomics) 49M->49M(57M) 71.959ms
[155.514s][info][gc] GC(121) Pause Full (Ergonomics) 49M->49M(57M) 71.061ms
[155.585s][info][gc] GC(122) Pause Full (Ergonomics) 49M->49M(57M) 70.398ms
[155.657s][info][gc] GC(123) Pause Full (Ergonomics) 49M->49M(57M) 71.739ms
[155.729s][info][gc] GC(124) Pause Full (Ergonomics) 49M->49M(57M) 71.938ms
[155.801s][info][gc] GC(125) Pause Full (Ergonomics) 49M->49M(57M) 70.976ms
[155.873s][info][gc] GC(126) Pause Full (Ergonomics) 49M->49M(57M) 71.787ms
[155.944s][info][gc] GC(127) Pause Full (Ergonomics) 49M->49M(57M) 70.461ms
[156.016s][info][gc] GC(128) Pause Full (Ergonomics) 49M->49M(57M) 72.095ms
[156.089s][info][gc] GC(129) Pause Full (Ergonomics) 49M->49M(57M) 72.891ms
[156.161s][info][gc] GC(130) Pause Full (Ergonomics) 49M->49M(57M) 71.201ms
[156.232s][info][gc] GC(131) Pause Full (Ergonomics) 49M->49M(57M) 71.309ms
[156.304s][info][gc] GC(132) Pause Full (Ergonomics) 49M->49M(57M) 71.502ms
[156.377s][info][gc] GC(133) Pause Full (Ergonomics) 49M->49M(57M) 72.600ms
[156.449s][info][gc] GC(134) Pause Full (Ergonomics) 49M->49M(57M) 71.800ms
[156.522s][info][gc] GC(135) Pause Full (Ergonomics) 49M->49M(57M) 72.687ms
[156.596s][info][gc] GC(136) Pause Full (Ergonomics) 49M->49M(57M) 74.035ms
[156.668s][info][gc] GC(137) Pause Full (Ergonomics) 49M->49M(57M) 71.676ms
[156.742s][info][gc] GC(138) Pause Full (Ergonomics) 49M->49M(57M) 73.099ms
[156.815s][info][gc] GC(139) Pause Full (Ergonomics) 49M->49M(57M) 72.675ms
[156.887s][info][gc] GC(140) Pause Full (Ergonomics) 49M->49M(57M) 71.788ms
[156.958s][info][gc] GC(141) Pause Full (Ergonomics) 49M->49M(57M) 70.738ms
[157.032s][info][gc] GC(142) Pause Full (Ergonomics) 49M->49M(57M) 73.429ms
[157.104s][info][gc] GC(143) Pause Full (Ergonomics) 49M->49M(57M) 71.620ms
[157.177s][info][gc] GC(144) Pause Full (Ergonomics) 49M->49M(57M) 73.179ms
[157.250s][info][gc] GC(145) Pause Full (Ergonomics) 49M->49M(57M) 71.958ms
[157.321s][info][gc] GC(146) Pause Full (Ergonomics) 49M->49M(57M) 71.549ms
[157.394s][info][gc] GC(147) Pause Full (Ergonomics) 49M->49M(57M) 71.865ms
[157.464s][info][gc] GC(148) Pause Full (Ergonomics) 49M->49M(57M) 70.411ms
[157.536s][info][gc] GC(149) Pause Full (Ergonomics) 49M->49M(57M) 71.228ms
[157.613s][info][gc] GC(150) Pause Full (Ergonomics) 49M->49M(57M) 77.398ms
[157.692s][info][gc] GC(151) Pause Full (Ergonomics) 49M->49M(57M) 78.193ms
[157.704s][info][gc] GC(152) Pause Full (Ergonomics) 49M->4M(37M) 11.229ms
